// Jest Snapshot v1, https://goo.gl/fbAQLP

exports[`InvalidOrientationModal equal snapshot 1`] = `
.c0 {
  display: block;
  position: fixed;
  width: 100%;
  height: 100%;
  top: 0;
  right: 0;
  background: black;
  bottom: 0;
  left: 0;
  z-index: 9111;
}

.c2 {
  display: grid;
  text-align: center;
  -webkit-align-items: center;
  -webkit-box-align: center;
  -ms-flex-align: center;
  align-items: center;
  width: 100%;
  height: 100%;
  padding: 2.5em;
  position: absolute;
  top: 0;
  right: 0;
  bottom: 0;
  left: 0;
  z-index: 9002;
}

.c3 {
  display: grid;
  text-align: center;
  -webkit-align-items: center;
  -webkit-box-align: center;
  -ms-flex-align: center;
  align-items: center;
  gap: 1.5rem;
}

.c1 {
  width: inherit;
  height: inherit;
  -webkit-animation-duration: 1400ms;
  animation-duration: 1400ms;
  -webkit-animation-fill-mode: forwards;
  animation-fill-mode: forwards;
  -webkit-animation-name: cJoqxJ;
  animation-name: cJoqxJ;
  -webkit-animation-direction: normal;
  animation-direction: normal;
  -webkit-animation-delay: 0ms;
  animation-delay: 0ms;
  -webkit-animation-iteration-count: 1;
  animation-iteration-count: 1;
  -webkit-animation-timing-function: fade;
  animation-timing-function: fade;
}

.c4 {
  font-size: 1.3em;
  font-weight: normal;
  text-align: center;
}

@media (min-width:768px) {
  .c4 {
    font-size: 1.2em;
  }
}

@media (min-width:1200px) {
  .c4 {
    font-size: 1.18em;
  }
}

<div>
  <div
    class="c0"
  >
    <div
      class="c1"
      direction="in"
    >
      <div
        class="c2"
      >
        <div
          class="c3"
        >
          <span
            class="c4"
            style="text-shadow: 2px 2px 0 deeppink;"
          >
            test container content
          </span>
          <div
            fill="currentColor"
            height="1.8em"
            style="color: deeppink;"
            width="auto"
          />
        </div>
      </div>
    </div>
  </div>
</div>
`;
