// Jest Snapshot v1, https://goo.gl/fbAQLP

exports[`BackgroundContainer should equal snapshot 1`] = `
.c0 {
  display: grid;
  position: absolute;
  -webkit-align-items: center;
  -webkit-box-align: center;
  -ms-flex-align: center;
  align-items: center;
  -webkit-box-pack: stretch;
  -webkit-justify-content: stretch;
  -ms-flex-pack: stretch;
  justify-content: stretch;
  width: 100%;
  height: 100%;
  top: 0;
  right: 0;
  left: 0;
  overflow: hidden;
  bottom: 0;
}

<div>
  <div
    class="c0"
  />
</div>
`;
