// Jest Snapshot v1, https://goo.gl/fbAQLP

exports[`MainContainer should equal snapshot 1`] = `
.c0 {
  display: grid;
  position: relative;
  grid-template-rows: max-content auto max-content;
  gap: 1rem;
  width: 100%;
  height: 100%;
  padding: 1.5em;
}

@media (min-width:768px) {
  .c0 {
    padding: 2em;
  }
}

@media (min-width:992px) {
  .c0 {
    padding: 5vh 4vw;
  }
}

<div>
  <div
    class="c0"
  />
</div>
`;
