// Jest Snapshot v1, https://goo.gl/fbAQLP

exports[`InfoBox correctly render when hidden 1`] = `
.c0 {
  display: grid;
  gap: 1rem;
}

.c1 {
  display: block;
  text-align: center;
}

<div>
  <div
    class="c0"
  >
    <div
      class="c1"
    >
      <svg
        data-testid="infoboxIcon"
      >
        Icon
      </svg>
    </div>
    <div
      class="c1"
    >
      myMessage
    </div>
  </div>
</div>
`;
