// Jest Snapshot v1, https://goo.gl/fbAQLP

exports[`ExtraLargeCaption equal to snapshot 1`] = `
.c0 {
  font-size: 2.3em;
  font-weight: normal;
  text-align: center;
}

@media (min-width:768px) {
  .c0 {
    font-size: 2.3em;
  }
}

@media (min-width:1200px) {
  .c0 {
    font-size: 2em;
  }
}

<div>
  <span
    class="c0"
  >
    Arriva
  </span>
</div>
`;
