// Jest Snapshot v1, https://goo.gl/fbAQLP

exports[`Score equal snapshot 1`] = `
.c0 {
  font-family: 'pixeloid_bold','Segoe UI','Roboto','Oxygen','Ubuntu','Fira Sans','Droid Sans','Helvetica Neue',sans-serif;
  font-size: 2.8em;
  font-weight: normal;
  text-align: left;
}

@media (min-width:768px) {
  .c0 {
    font-size: 2.5em;
  }
}

@media (min-width:1200px) {
  .c0 {
    font-size: 3.4em;
  }
}

<div>
  <span
    class="c0"
  >
    000030
  </span>
</div>
`;
