// Jest Snapshot v1, https://goo.gl/fbAQLP

exports[`Copyright equal snapshot 1`] = `
.c1 {
  color: white;
  font-size: 14px;
  font-family: 'pixeloid_bold','Segoe UI','Roboto','Oxygen','Ubuntu','Fira Sans','Droid Sans','Helvetica Neue',sans-serif;
  font-weight: normal;
}

.c0 {
  display: block;
}

@media (min-width:768px) {
  .c1 {
    font-size: 16px;
  }
}

@media (min-width:1200px) {
  .c1 {
    font-size: 1.1vw;
  }
}

<div>
  <div
    class="c0"
  >
    <span
      class="c1"
    >
      Â© 1969-2023  |  Mickey Mouse. GNUv2.
    </span>
  </div>
</div>
`;
