// Jest Snapshot v1, https://goo.gl/fbAQLP

exports[`PrimaryButton equal snapshot 1`] = `
.c0 {
  cursor: pointer;
  display: block;
  color: deeppink;
  border: 3px dashed deeppink;
  padding: 5px 25px;
  background: black;
  font-family: 'pixeloid_bold','Segoe UI','Roboto','Oxygen','Ubuntu','Fira Sans','Droid Sans','Helvetica Neue',sans-serif;
  text-align: center;
  font-size: small:14px;
  middle: 16px;
  large: 1.1vw;
  font-weight: normal;
}

.c0:hover {
  color: white;
  background: deeppink;
  border: 3px dashed black;
}

<div>
  <button
    class="c0"
  >
    Hello world
  </button>
</div>
`;
